198.51.100.22 - - [13/Apr/2026:12:22:32 +0000] "GET /dashboard HTTP/1.1" 404 216 "-" "python-requests/2.25.1"
203.0.113.5 - - [13/Apr/2026:12:34:32 +0000] "GET /index.html HTTP/1.1" 301 205 "-" "python-requests/2.25.1"
172.16.0.42 - - [13/Apr/2026:12:35:32 +0000] "GET /assets/style.css HTTP/1.1" 200 4761 "-" "python-requests/2.25.1"
192.168.1.50 - - [13/Apr/2026:12:48:32 +0000] "GET /login.php HTTP/1.1" 200 3501 "-" "python-requests/2.25.1"
10.0.0.15 - - [13/Apr/2026:13:02:32 +0000] "GET /assets/style.css HTTP/1.1" 301 278 "-" "Mozilla/5.0 (Windows NT 10.0; Win64; x64) AppleWebKit/537.36"
192.168.1.50 - - [13/Apr/2026:13:07:32 +0000] "GET /api/v1/status HTTP/1.1" 200 4213 "-" "python-requests/2.25.1"
192.168.1.50 - - [13/Apr/2026:13:14:32 +0000] "GET /api/v1/status HTTP/1.1" 200 2254 "-" "curl/7.68.0"
198.51.100.22 - - [13/Apr/2026:13:17:32 +0000] "GET /api/v1/status HTTP/1.1" 200 3505 "-" "Mozilla/5.0 (Windows NT 10.0; Win64; x64) AppleWebKit/537.36"
198.51.100.22 - - [13/Apr/2026:13:31:32 +0000] "GET /api/v1/status HTTP/1.1" 200 2387 "-" "python-requests/2.25.1"
10.0.0.15 - - [13/Apr/2026:13:36:32 +0000] "GET /api/v1/status HTTP/1.1" 404 214 "-" "python-requests/2.25.1"
203.0.113.5 - - [13/Apr/2026:13:51:32 +0000] "GET /dashboard HTTP/1.1" 301 201 "-" "curl/7.68.0"
198.51.100.22 - - [13/Apr/2026:13:56:32 +0000] "GET /dashboard HTTP/1.1" 404 262 "-" "python-requests/2.25.1"
172.16.0.42 - - [13/Apr/2026:14:04:32 +0000] "GET /dashboard HTTP/1.1" 301 284 "-" "Mozilla/5.0 (Windows NT 10.0; Win64; x64) AppleWebKit/537.36"
10.0.0.15 - - [13/Apr/2026:14:09:32 +0000] "GET /assets/style.css HTTP/1.1" 404 158 "-" "Mozilla/5.0 (Windows NT 10.0; Win64; x64) AppleWebKit/537.36"
198.51.100.22 - - [13/Apr/2026:14:19:32 +0000] "GET /api/v1/status HTTP/1.1" 200 2329 "-" "curl/7.68.0"
198.51.100.22 - - [13/Apr/2026:14:31:32 +0000] "GET /api/v1/status HTTP/1.1" 404 266 "-" "Mozilla/5.0 (Windows NT 10.0; Win64; x64) AppleWebKit/537.36"
10.0.0.15 - - [13/Apr/2026:14:35:32 +0000] "GET /dashboard HTTP/1.1" 200 2726 "-" "Mozilla/5.0 (Macintosh; Intel Mac OS X 10_15_7) AppleWebKit/605.1.15"
10.0.0.15 - - [13/Apr/2026:14:39:32 +0000] "GET /login.php HTTP/1.1" 200 2201 "-" "python-requests/2.25.1"
10.0.0.15 - - [13/Apr/2026:14:49:32 +0000] "GET /index.html HTTP/1.1" 200 4064 "-" "curl/7.68.0"
10.0.0.15 - - [13/Apr/2026:14:52:32 +0000] "GET /login.php HTTP/1.1" 200 3788 "-" "Mozilla/5.0 (Windows NT 10.0; Win64; x64) AppleWebKit/537.36"
192.168.1.50 - - [13/Apr/2026:15:06:32 +0000] "GET /login.php HTTP/1.1" 404 252 "-" "curl/7.68.0"
172.16.0.42 - - [13/Apr/2026:15:17:32 +0000] "GET /api/v1/status HTTP/1.1" 301 174 "-" "python-requests/2.25.1"
172.16.0.42 - - [13/Apr/2026:15:25:32 +0000] "GET /assets/style.css HTTP/1.1" 301 295 "-" "curl/7.68.0"
172.16.0.42 - - [13/Apr/2026:15:40:32 +0000] "GET /index.html HTTP/1.1" 200 2755 "-" "Mozilla/5.0 (Macintosh; Intel Mac OS X 10_15_7) AppleWebKit/605.1.15"
10.0.0.15 - - [13/Apr/2026:15:43:32 +0000] "GET /index.html HTTP/1.1" 200 2315 "-" "Mozilla/5.0 (Macintosh; Intel Mac OS X 10_15_7) AppleWebKit/605.1.15"
172.16.0.42 - - [13/Apr/2026:15:45:32 +0000] "GET /login.php HTTP/1.1" 200 1842 "-" "Mozilla/5.0 (Macintosh; Intel Mac OS X 10_15_7) AppleWebKit/605.1.15"
198.51.100.22 - - [13/Apr/2026:15:54:32 +0000] "GET /api/v1/status HTTP/1.1" 404 192 "-" "curl/7.68.0"
203.0.113.5 - - [13/Apr/2026:15:58:32 +0000] "GET /dashboard HTTP/1.1" 404 287 "-" "python-requests/2.25.1"
10.0.0.15 - - [13/Apr/2026:16:05:32 +0000] "GET /dashboard HTTP/1.1" 404 277 "-" "Mozilla/5.0 (Windows NT 10.0; Win64; x64) AppleWebKit/537.36"
203.0.113.5 - - [13/Apr/2026:16:16:32 +0000] "GET /assets/style.css HTTP/1.1" 200 1152 "-" "python-requests/2.25.1"
203.0.113.5 - - [13/Apr/2026:16:19:32 +0000] "GET /assets/style.css HTTP/1.1" 200 3614 "-" "Mozilla/5.0 (Macintosh; Intel Mac OS X 10_15_7) AppleWebKit/605.1.15"
192.168.1.50 - - [13/Apr/2026:16:32:32 +0000] "GET /api/v1/status HTTP/1.1" 301 283 "-" "python-requests/2.25.1"
172.16.0.42 - - [13/Apr/2026:16:43:32 +0000] "GET /index.html HTTP/1.1" 200 3700 "-" "python-requests/2.25.1"
172.16.0.42 - - [13/Apr/2026:16:49:32 +0000] "GET /index.html HTTP/1.1" 200 1830 "-" "python-requests/2.25.1"
10.0.0.15 - - [13/Apr/2026:17:04:32 +0000] "GET /api/v1/status HTTP/1.1" 200 2070 "-" "curl/7.68.0"
198.51.100.22 - - [13/Apr/2026:17:15:32 +0000] "GET /dashboard HTTP/1.1" 404 220 "-" "Mozilla/5.0 (Windows NT 10.0; Win64; x64) AppleWebKit/537.36"
198.51.100.22 - - [13/Apr/2026:17:22:32 +0000] "GET /login.php HTTP/1.1" 301 204 "-" "curl/7.68.0"
172.16.0.42 - - [13/Apr/2026:17:25:32 +0000] "GET /dashboard HTTP/1.1" 200 4478 "-" "Mozilla/5.0 (Macintosh; Intel Mac OS X 10_15_7) AppleWebKit/605.1.15"
198.51.100.22 - - [13/Apr/2026:17:29:32 +0000] "GET /api/v1/status HTTP/1.1" 200 3122 "-" "Mozilla/5.0 (Macintosh; Intel Mac OS X 10_15_7) AppleWebKit/605.1.15"
192.168.1.50 - - [13/Apr/2026:17:33:32 +0000] "GET /dashboard HTTP/1.1" 200 3760 "-" "Mozilla/5.0 (Macintosh; Intel Mac OS X 10_15_7) AppleWebKit/605.1.15"
10.0.0.15 - - [13/Apr/2026:17:48:32 +0000] "GET /dashboard HTTP/1.1" 200 2877 "-" "Mozilla/5.0 (Macintosh; Intel Mac OS X 10_15_7) AppleWebKit/605.1.15"
192.168.1.50 - - [13/Apr/2026:17:58:32 +0000] "GET /assets/style.css HTTP/1.1" 301 284 "-" "Mozilla/5.0 (Windows NT 10.0; Win64; x64) AppleWebKit/537.36"
203.0.113.5 - - [13/Apr/2026:18:12:32 +0000] "GET /dashboard HTTP/1.1" 404 185 "-" "curl/7.68.0"
203.0.113.5 - - [13/Apr/2026:18:19:32 +0000] "POST /login.php HTTP/1.1" 301 297 "-" "curl/7.68.0"
172.16.0.42 - - [13/Apr/2026:18:34:32 +0000] "GET /dashboard HTTP/1.1" 200 2883 "-" "Mozilla/5.0 (Macintosh; Intel Mac OS X 10_15_7) AppleWebKit/605.1.15"
203.0.113.5 - - [13/Apr/2026:18:40:32 +0000] "GET /api/v1/status HTTP/1.1" 301 220 "-" "python-requests/2.25.1"
192.168.1.50 - - [13/Apr/2026:18:46:32 +0000] "GET /dashboard HTTP/1.1" 200 3610 "-" "Mozilla/5.0 (Macintosh; Intel Mac OS X 10_15_7) AppleWebKit/605.1.15"
192.168.1.50 - - [13/Apr/2026:18:56:32 +0000] "GET /login.php HTTP/1.1" 200 2540 "-" "Mozilla/5.0 (Windows NT 10.0; Win64; x64) AppleWebKit/537.36"
172.16.0.42 - - [13/Apr/2026:18:57:32 +0000] "GET /assets/style.css HTTP/1.1" 200 4881 "-" "python-requests/2.25.1"
172.16.0.42 - - [13/Apr/2026:19:07:32 +0000] "GET /dashboard HTTP/1.1" 404 260 "-" "Mozilla/5.0 (Windows NT 10.0; Win64; x64) AppleWebKit/537.36"
172.16.0.42 - - [13/Apr/2026:19:22:32 +0000] "GET /index.html HTTP/1.1" 301 259 "-" "Mozilla/5.0 (Macintosh; Intel Mac OS X 10_15_7) AppleWebKit/605.1.15"
192.168.1.50 - - [13/Apr/2026:19:37:32 +0000] "GET /login.php HTTP/1.1" 200 3319 "-" "python-requests/2.25.1"
203.0.113.5 - - [13/Apr/2026:19:45:32 +0000] "GET /index.html HTTP/1.1" 200 3884 "-" "Mozilla/5.0 (Macintosh; Intel Mac OS X 10_15_7) AppleWebKit/605.1.15"
172.16.0.42 - - [13/Apr/2026:19:59:32 +0000] "GET /dashboard HTTP/1.1" 200 2945 "-" "Mozilla/5.0 (Windows NT 10.0; Win64; x64) AppleWebKit/537.36"
172.16.0.42 - - [13/Apr/2026:20:08:32 +0000] "GET /assets/style.css HTTP/1.1" 200 3014 "-" "curl/7.68.0"
203.0.113.5 - - [13/Apr/2026:20:12:32 +0000] "GET /login.php HTTP/1.1" 200 1596 "-" "Mozilla/5.0 (Windows NT 10.0; Win64; x64) AppleWebKit/537.36"
203.0.113.5 - - [13/Apr/2026:20:17:32 +0000] "GET /api/v1/status HTTP/1.1" 404 208 "-" "python-requests/2.25.1"
172.16.0.42 - - [13/Apr/2026:20:20:32 +0000] "GET /login.php HTTP/1.1" 301 178 "-" "Mozilla/5.0 (Windows NT 10.0; Win64; x64) AppleWebKit/537.36"
172.16.0.42 - - [13/Apr/2026:20:33:32 +0000] "GET /login.php HTTP/1.1" 200 4344 "-" "Mozilla/5.0 (Macintosh; Intel Mac OS X 10_15_7) AppleWebKit/605.1.15"
198.51.100.22 - - [13/Apr/2026:20:36:32 +0000] "GET /assets/style.css HTTP/1.1" 200 4674 "-" "curl/7.68.0"
203.0.113.5 - - [13/Apr/2026:20:44:32 +0000] "GET /dashboard HTTP/1.1" 200 2652 "-" "Mozilla/5.0 (Macintosh; Intel Mac OS X 10_15_7) AppleWebKit/605.1.15"
192.168.1.50 - - [13/Apr/2026:20:53:32 +0000] "GET /index.html HTTP/1.1" 200 3569 "-" "curl/7.68.0"
198.51.100.22 - - [13/Apr/2026:20:59:32 +0000] "GET /index.html HTTP/1.1" 301 256 "-" "Mozilla/5.0 (Windows NT 10.0; Win64; x64) AppleWebKit/537.36"
198.51.100.22 - - [13/Apr/2026:21:11:32 +0000] "GET /assets/style.css HTTP/1.1" 200 2591 "-" "python-requests/2.25.1"
203.0.113.5 - - [13/Apr/2026:21:19:32 +0000] "GET /api/v1/status HTTP/1.1" 404 196 "-" "Mozilla/5.0 (Macintosh; Intel Mac OS X 10_15_7) AppleWebKit/605.1.15"
192.168.1.50 - - [13/Apr/2026:21:21:32 +0000] "GET /assets/style.css HTTP/1.1" 301 203 "-" "curl/7.68.0"
203.0.113.5 - - [13/Apr/2026:21:32:32 +0000] "GET /index.html HTTP/1.1" 200 2065 "-" "Mozilla/5.0 (Windows NT 10.0; Win64; x64) AppleWebKit/537.36"
10.0.0.15 - - [13/Apr/2026:21:39:32 +0000] "GET /login.php HTTP/1.1" 200 4866 "-" "python-requests/2.25.1"
203.0.113.5 - - [13/Apr/2026:21:40:32 +0000] "GET /dashboard HTTP/1.1" 200 4716 "-" "Mozilla/5.0 (Windows NT 10.0; Win64; x64) AppleWebKit/537.36"
172.16.0.42 - - [13/Apr/2026:21:46:32 +0000] "GET /dashboard HTTP/1.1" 200 4567 "-" "curl/7.68.0"
203.0.113.5 - - [13/Apr/2026:21:51:32 +0000] "GET /index.html HTTP/1.1" 200 2720 "-" "Mozilla/5.0 (Windows NT 10.0; Win64; x64) AppleWebKit/537.36"
192.168.1.50 - - [13/Apr/2026:22:02:32 +0000] "GET /dashboard HTTP/1.1" 301 231 "-" "Mozilla/5.0 (Macintosh; Intel Mac OS X 10_15_7) AppleWebKit/605.1.15"
198.51.100.22 - - [13/Apr/2026:22:10:32 +0000] "GET /index.html HTTP/1.1" 200 3290 "-" "Mozilla/5.0 (Macintosh; Intel Mac OS X 10_15_7) AppleWebKit/605.1.15"
192.168.1.50 - - [13/Apr/2026:22:11:32 +0000] "GET /dashboard HTTP/1.1" 404 258 "-" "curl/7.68.0"
10.0.0.15 - - [13/Apr/2026:22:16:32 +0000] "POST /login.php HTTP/1.1" 200 4936 "-" "Mozilla/5.0 (Windows NT 10.0; Win64; x64) AppleWebKit/537.36"
198.51.100.22 - - [13/Apr/2026:22:24:32 +0000] "GET /assets/style.css HTTP/1.1" 200 3339 "-" "Mozilla/5.0 (Macintosh; Intel Mac OS X 10_15_7) AppleWebKit/605.1.15"
192.168.1.50 - - [13/Apr/2026:22:25:32 +0000] "GET /assets/style.css HTTP/1.1" 200 4210 "-" "Mozilla/5.0 (Windows NT 10.0; Win64; x64) AppleWebKit/537.36"
198.51.100.22 - - [13/Apr/2026:22:40:32 +0000] "GET /dashboard HTTP/1.1" 404 292 "-" "curl/7.68.0"
203.0.113.5 - - [13/Apr/2026:22:49:32 +0000] "GET /index.html HTTP/1.1" 301 274 "-" "Mozilla/5.0 (Macintosh; Intel Mac OS X 10_15_7) AppleWebKit/605.1.15"
172.16.0.42 - - [13/Apr/2026:22:52:32 +0000] "GET /index.html HTTP/1.1" 301 231 "-" "curl/7.68.0"
203.0.113.88 - - [13/Apr/2026:22:55:32 +0000] "GET /login.php?username=admin' OR '1'='1 HTTP/1.1" 500 592 "-" "Mozilla/5.0 (X11; Linux x86_64; rv:78.0) Gecko/20100101 Firefox/78.0"
198.51.100.99 - - [13/Apr/2026:23:00:32 +0000] "GET /search?q=<script>alert('XSS')</script> HTTP/1.1" 403 642 "-" "Mozilla/5.0 (X11; Linux x86_64; rv:78.0) Gecko/20100101 Firefox/78.0"
203.0.113.88 - - [13/Apr/2026:23:03:32 +0000] "GET /api/v1/data?file=../../../../etc/passwd HTTP/1.1" 403 643 "-" "Nikto/2.1.6"
198.51.100.99 - - [13/Apr/2026:23:08:32 +0000] "GET /?id=1 UNION SELECT null, version()-- HTTP/1.1" 403 880 "-" "sqlmap/1.5.8#dev (http://sqlmap.org)"
203.0.113.88 - - [13/Apr/2026:23:09:32 +0000] "GET /admin/config.bak HTTP/1.1" 500 320 "-" "Mozilla/5.0 (X11; Linux x86_64; rv:78.0) Gecko/20100101 Firefox/78.0"